src/components/charts/CategoryPieChart.tsx(36,21): error TS2322: Type '(value: number) => string[]' is not assignable to type 'Formatter<number, string> & ((value: number, name: string, item: Payload<number, string>, index: number, payload: Payload<number, string>[]) => ReactNode | [...])'.
  Type '(value: number) => string[]' is not assignable to type 'Formatter<number, string>'.
    Types of parameters 'value' and 'value' are incompatible.
      Type 'number | undefined' is not assignable to type 'number'.
        Type 'undefined' is not assignable to type 'number'.
src/components/charts/YearlyHeatmap.tsx(73,25): error TS2322: Type '{ data: HeatmapData[]; theme: ThemeInput; colorScheme: "dark"; blockSize: number; blockRadius: number; blockMargin: number; fontSize: number; hideColorLegend: boolean; labels: { ...; }; renderBlock: (block: any, activity: any) => Element; }' is not assignable to type 'IntrinsicAttributes & Omit<Props, "ref"> & RefAttributes<HTMLElement>'.
  Property 'hideColorLegend' does not exist on type 'IntrinsicAttributes & Omit<Props, "ref"> & RefAttributes<HTMLElement>'. Did you mean 'renderColorLegend'?
