src/components/charts/CategoryPieChart.tsx(36,21): error TS2322: Type '(value: number) => string[]' is not assignable to type 'Formatter<number, string> & ((value: number, name: string, item: Payload<number, string>, index: number, payload: Payload<number, string>[]) => ReactNode | [...])'.
  Type '(value: number) => string[]' is not assignable to type 'Formatter<number, string>'.
    Types of parameters 'value' and 'value' are incompatible.
      Type 'number | undefined' is not assignable to type 'number'.
        Type 'undefined' is not assignable to type 'number'.
src/components/charts/StandardMetricsCharts.tsx(73,63): error TS18048: 'percent' is possibly 'undefined'.
